[cloudera@quickstart ~]$ hive

Logging initialized using configuration in file:/etc/hive/conf.dist/hive-log4j.properties
WARNING: Hive CLI is deprecated and migration to Beeline is recommended.
hive> show databases ;
OK
default
export_data
export_db
export_hadoop2
Time taken: 22.22 seconds, Fetched: 4 row(s)
hive> create database nexturn_project ;
OK
Time taken: 78.933 seconds
hive> use nexturn_project ;
OK
Time taken: 1.151 seconds
hive> show tables ;
OK
Time taken: 0.942 seconds
hive> create table us_accidents(
    > ID VARCHAR(255) PRIMARY KEY,
    >     -> Source VARCHAR(50),
    >     -> Severity INT,
    >     -> Start_Time TIMESTAMP,
    >     -> End_Time TIMESTAMP,
    >     -> Start_Lat DECIMAL(10,6),
    >     -> Start_Lng DECIMAL(10,6),
    >     -> End_Lat DECIMAL(10,6),
    >     -> End_Lng DECIMAL(10,6),
    >     -> Distance DECIMAL(10,3)
    >     -> ,
    >     -> Description VARCHAR(100000),
    >     -> City VARCHAR(100),
    >     -> Country VARCHAR(100),
    >     -> State VARCHAR(30),
    >     -> Zipcode VARCHAR(10),
    >     -> Weather_Condition VARCHAR(100)
    > );
MismatchedTokenException(26!=296)
	at org.antlr.runtime.BaseRecognizer.recoverFromMismatchedToken(BaseRecognizer.java:617)
	at org.antlr.runtime.BaseRecognizer.match(BaseRecognizer.java:115)
	at org.apache.hadoop.hive.ql.parse.HiveParser.createTableStatement(HiveParser.java:4846)
	at org.apache.hadoop.hive.ql.parse.HiveParser.ddlStatement(HiveParser.java:2355)
	at org.apache.hadoop.hive.ql.parse.HiveParser.execStatement(HiveParser.java:1579)
	at org.apache.hadoop.hive.ql.parse.HiveParser.statement(HiveParser.java:1057)
	at org.apache.hadoop.hive.ql.parse.ParseDriver.parse(ParseDriver.java:199)
	at org.apache.hadoop.hive.ql.parse.ParseDriver.parse(ParseDriver.java:166)
	at org.apache.hadoop.hive.ql.Driver.compile(Driver.java:393)
	at org.apache.hadoop.hive.ql.Driver.compile(Driver.java:307)
	at org.apache.hadoop.hive.ql.Driver.compileInternal(Driver.java:1110)
	at org.apache.hadoop.hive.ql.Driver.runInternal(Driver.java:1158)
	at org.apache.hadoop.hive.ql.Driver.run(Driver.java:1047)
	at org.apache.hadoop.hive.ql.Driver.run(Driver.java:1037)
	at org.apache.hadoop.hive.cli.CliDriver.processLocalCmd(CliDriver.java:207)
	at org.apache.hadoop.hive.cli.CliDriver.processCmd(CliDriver.java:159)
	at org.apache.hadoop.hive.cli.CliDriver.processLine(CliDriver.java:370)
	at org.apache.hadoop.hive.cli.CliDriver.executeDriver(CliDriver.java:756)
	at org.apache.hadoop.hive.cli.CliDriver.run(CliDriver.java:675)
	at org.apache.hadoop.hive.cli.CliDriver.main(CliDriver.java:615)
	at sun.reflect.NativeMethodAccessorImpl.invoke0(Native Method)
	at sun.reflect.NativeMethodAccessorImpl.invoke(NativeMethodAccessorImpl.java:57)
	at sun.reflect.DelegatingMethodAccessorImpl.invoke(DelegatingMethodAccessorImpl.java:43)
	at java.lang.reflect.Method.invoke(Method.java:606)
	at org.apache.hadoop.util.RunJar.run(RunJar.java:221)
	at org.apache.hadoop.util.RunJar.main(RunJar.java:136)
FAILED: ParseException line 2:16 mismatched input 'PRIMARY' expecting ) near ')' in create table statement
hive> create table us_table(
     ID VARCHAR(255),
     Severity INT,
     Source VARCHAR(50),
     Start_Time TIMESTAMP,
     End_Time TIMESTAMP,
     Start_Lat DECIMAL(10,6),
     Start_Lng DECIMAL(10,6),
     End_Lat DECIMAL(10,6),
     End_Lng DECIMAL(10,6),
     Distance DECIMAL(10,3),
     City VARCHAR(100),
     Country VARCHAR(100),
     State VARCHAR(30),
     Zipcode VARCHAR(10),
     Weather_Condition VARCHAR(100),
     Description VARCHAR(150)
    > );
MismatchedTokenException(26!=296)
	at org.antlr.runtime.BaseRecognizer.recoverFromMismatchedToken(BaseRecognizer.java:617)
	at org.antlr.runtime.BaseRecognizer.match(BaseRecognizer.java:115)
	at org.apache.hadoop.hive.ql.parse.HiveParser.createTableStatement(HiveParser.java:4846)
	at org.apache.hadoop.hive.ql.parse.HiveParser.ddlStatement(HiveParser.java:2355)
	at org.apache.hadoop.hive.ql.parse.HiveParser.execStatement(HiveParser.java:1579)
	at org.apache.hadoop.hive.ql.parse.HiveParser.statement(HiveParser.java:1057)
	at org.apache.hadoop.hive.ql.parse.ParseDriver.parse(ParseDriver.java:199)
	at org.apache.hadoop.hive.ql.parse.ParseDriver.parse(ParseDriver.java:166)
	at org.apache.hadoop.hive.ql.Driver.compile(Driver.java:393)
	at org.apache.hadoop.hive.ql.Driver.compile(Driver.java:307)
	at org.apache.hadoop.hive.ql.Driver.compileInternal(Driver.java:1110)
	at org.apache.hadoop.hive.ql.Driver.runInternal(Driver.java:1158)
	at org.apache.hadoop.hive.ql.Driver.run(Driver.java:1047)
	at org.apache.hadoop.hive.ql.Driver.run(Driver.java:1037)
	at org.apache.hadoop.hive.cli.CliDriver.processLocalCmd(CliDriver.java:207)
	at org.apache.hadoop.hive.cli.CliDriver.processCmd(CliDriver.java:159)
	at org.apache.hadoop.hive.cli.CliDriver.processLine(CliDriver.java:370)
	at org.apache.hadoop.hive.cli.CliDriver.executeDriver(CliDriver.java:756)
	at org.apache.hadoop.hive.cli.CliDriver.run(CliDriver.java:675)
	at org.apache.hadoop.hive.cli.CliDriver.main(CliDriver.java:615)
	at sun.reflect.NativeMethodAccessorImpl.invoke0(Native Method)
	at sun.reflect.NativeMethodAccessorImpl.invoke(NativeMethodAccessorImpl.java:57)
	at sun.reflect.DelegatingMethodAccessorImpl.invoke(DelegatingMethodAccessorImpl.java:43)
	at java.lang.reflect.Method.invoke(Method.java:606)
	at org.apache.hadoop.util.RunJar.run(RunJar.java:221)
	at org.apache.hadoop.util.RunJar.main(RunJar.java:136)
FAILED: ParseException line 2:16 mismatched input 'PRIMARY' expecting ) near ')' in create table statement
hive> create table us_accidents(
    >     > ID VARCHAR(255) PRIMARY KEY,
    >     > Severity INT,
    >     > Source VARCHAR(50),
    >     > Start_Time TIMESTAMP,
    >     > End_Time TIMESTAMP,
    >     > Start_Lat DECIMAL(10,6),
    >     > Start_Lng DECIMAL(10,6),
    >     > End_Lat DECIMAL(10,6),
    >     > End_Lng DECIMAL(10,6),
    >     > Distance DECIMAL(10,3),
    >     > City VARCHAR(100),
    >     > Country VARCHAR(100),
    >     > State VARCHAR(30),
    >     > Zipcode VARCHAR(10),
    >     > Weather_Condition VARCHAR(100)
    >     > );
NoViableAltException(23@[])
	at org.apache.hadoop.hive.ql.parse.HiveParser_IdentifiersParser.identifier(HiveParser_IdentifiersParser.java:11322)
	at org.apache.hadoop.hive.ql.parse.HiveParser.identifier(HiveParser.java:44335)
	at org.apache.hadoop.hive.ql.parse.HiveParser.columnNameType(HiveParser.java:38032)
	at org.apache.hadoop.hive.ql.parse.HiveParser.columnNameTypeList(HiveParser.java:36234)
	at org.apache.hadoop.hive.ql.parse.HiveParser.createTableStatement(HiveParser.java:4840)
	at org.apache.hadoop.hive.ql.parse.HiveParser.ddlStatement(HiveParser.java:2355)
	at org.apache.hadoop.hive.ql.parse.HiveParser.execStatement(HiveParser.java:1579)
	at org.apache.hadoop.hive.ql.parse.HiveParser.statement(HiveParser.java:1057)
	at org.apache.hadoop.hive.ql.parse.ParseDriver.parse(ParseDriver.java:199)
	at org.apache.hadoop.hive.ql.parse.ParseDriver.parse(ParseDriver.java:166)
	at org.apache.hadoop.hive.ql.Driver.compile(Driver.java:393)
	at org.apache.hadoop.hive.ql.Driver.compile(Driver.java:307)
	at org.apache.hadoop.hive.ql.Driver.compileInternal(Driver.java:1110)
	at org.apache.hadoop.hive.ql.Driver.runInternal(Driver.java:1158)
	at org.apache.hadoop.hive.ql.Driver.run(Driver.java:1047)
	at org.apache.hadoop.hive.ql.Driver.run(Driver.java:1037)
	at org.apache.hadoop.hive.cli.CliDriver.processLocalCmd(CliDriver.java:207)
	at org.apache.hadoop.hive.cli.CliDriver.processCmd(CliDriver.java:159)
	at org.apache.hadoop.hive.cli.CliDriver.processLine(CliDriver.java:370)
	at org.apache.hadoop.hive.cli.CliDriver.executeDriver(CliDriver.java:756)
	at org.apache.hadoop.hive.cli.CliDriver.run(CliDriver.java:675)
	at org.apache.hadoop.hive.cli.CliDriver.main(CliDriver.java:615)
	at sun.reflect.NativeMethodAccessorImpl.invoke0(Native Method)
	at sun.reflect.NativeMethodAccessorImpl.invoke(NativeMethodAccessorImpl.java:57)
	at sun.reflect.DelegatingMethodAccessorImpl.invoke(DelegatingMethodAccessorImpl.java:43)
	at java.lang.reflect.Method.invoke(Method.java:606)
	at org.apache.hadoop.util.RunJar.run(RunJar.java:221)
	at org.apache.hadoop.util.RunJar.main(RunJar.java:136)
FAILED: ParseException line 2:4 cannot recognize input near '>' 'ID' 'VARCHAR' in column specification
hive> create table us_accidents(
    > ID VARCHAR(255),
    > Severity INT,
    > Source VARCHAR(50),
    > Start_Time TIMESTAMP,
    > End_Time TIMESTAMP,
    > Start_Lat DECIMAL(10,6),
    > Start_Lng DECIMAL(10,6),
    > End_Lat DECIMAL(10,6),
    > End_Lng DECIMAL(10,6),
    > Distance DECIMAL(10,3),
    > City VARCHAR(100),
    > Country VARCHAR(100),
    > State VARCHAR(30),
    > Zipcode VARCHAR(10),
    > Weather_Condition VARCHAR(100),
    > );
NoViableAltException(296@[])
	at org.apache.hadoop.hive.ql.parse.HiveParser_IdentifiersParser.identifier(HiveParser_IdentifiersParser.java:11322)
	at org.apache.hadoop.hive.ql.parse.HiveParser.identifier(HiveParser.java:44335)
	at org.apache.hadoop.hive.ql.parse.HiveParser.columnNameType(HiveParser.java:38032)
	at org.apache.hadoop.hive.ql.parse.HiveParser.columnNameTypeList(HiveParser.java:36262)
	at org.apache.hadoop.hive.ql.parse.HiveParser.createTableStatement(HiveParser.java:4840)
	at org.apache.hadoop.hive.ql.parse.HiveParser.ddlStatement(HiveParser.java:2355)
	at org.apache.hadoop.hive.ql.parse.HiveParser.execStatement(HiveParser.java:1579)
	at org.apache.hadoop.hive.ql.parse.HiveParser.statement(HiveParser.java:1057)
	at org.apache.hadoop.hive.ql.parse.ParseDriver.parse(ParseDriver.java:199)
	at org.apache.hadoop.hive.ql.parse.ParseDriver.parse(ParseDriver.java:166)
	at org.apache.hadoop.hive.ql.Driver.compile(Driver.java:393)
	at org.apache.hadoop.hive.ql.Driver.compile(Driver.java:307)
	at org.apache.hadoop.hive.ql.Driver.compileInternal(Driver.java:1110)
	at org.apache.hadoop.hive.ql.Driver.runInternal(Driver.java:1158)
	at org.apache.hadoop.hive.ql.Driver.run(Driver.java:1047)
	at org.apache.hadoop.hive.ql.Driver.run(Driver.java:1037)
	at org.apache.hadoop.hive.cli.CliDriver.processLocalCmd(CliDriver.java:207)
	at org.apache.hadoop.hive.cli.CliDriver.processCmd(CliDriver.java:159)
	at org.apache.hadoop.hive.cli.CliDriver.processLine(CliDriver.java:370)
	at org.apache.hadoop.hive.cli.CliDriver.executeDriver(CliDriver.java:756)
	at org.apache.hadoop.hive.cli.CliDriver.run(CliDriver.java:675)
	at org.apache.hadoop.hive.cli.CliDriver.main(CliDriver.java:615)
	at sun.reflect.NativeMethodAccessorImpl.invoke0(Native Method)
	at sun.reflect.NativeMethodAccessorImpl.invoke(NativeMethodAccessorImpl.java:57)
	at sun.reflect.DelegatingMethodAccessorImpl.invoke(DelegatingMethodAccessorImpl.java:43)
	at java.lang.reflect.Method.invoke(Method.java:606)
	at org.apache.hadoop.util.RunJar.run(RunJar.java:221)
	at org.apache.hadoop.util.RunJar.main(RunJar.java:136)
FAILED: ParseException line 17:0 cannot recognize input near ')' '<EOF>' '<EOF>' in column specification
hive> create table us_accidents(
    > ID VARCHAR(255),
    > Severity INT,
    > Start_Time TIMESTAMP,
    > End_Time TIMESTAMP,
    > Start_Lat DECIMAL(10,6),
    > Start_Lng DECIMAL(10,6),
    > End_Lat DECIMAL(10,6),
    > End_Lng DECIMAL(10,6),
    > Distance DECIMAL(10,3),
    > City VARCHAR(100),
    > Country VARCHAR(100),
    > State VARCHAR(30),
    > Zipcode VARCHAR(10),
    > Weather_Condition VARCHAR(100)
    > );
OK
Time taken: 6.503 seconds
hive> describe us_accidents ;
OK
id                  	varchar(255)        	                    
severity            	int                 	                    
start_time          	timestamp           	                    
end_time            	timestamp           	                    
start_lat           	decimal(10,6)       	                    
start_lng           	decimal(10,6)       	                    
end_lat             	decimal(10,6)       	                    
end_lng             	decimal(10,6)       	                    
distance            	decimal(10,3)       	                    
city                	varchar(100)        	                    
country             	varchar(100)        	                    
state               	varchar(30)         	                    
zipcode             	varchar(10)         	                    
weather_condition   	varchar(100)        	                    
Time taken: 2.81 seconds, Fetched: 14 row(s)
hive> LOAD DATA INPATH '//us_accidents/part-m-00000'  INTO TABLE us_accidents ;
FAILED: SemanticException Line 1:17 Invalid path ''//us_accidents/part-m-00000'': No files matching path hdfs://quickstart.cloudera:8020/part-m-00000
hive> LOAD DATA INPATH '/us_accidents/part-m-00000'  INTO TABLE us_accidents ;
Loading data to table nexturn_project.us_accidents
chgrp: changing ownership of 'hdfs://quickstart.cloudera:8020/user/hive/warehouse/nexturn_project.db/us_accidents/part-m-00000': User does not belong to hive
Table nexturn_project.us_accidents stats: [numFiles=1, totalSize=381169]
OK
Time taken: 7.214 seconds
hive> 
